<html>
<body>
<pre>
<h1>µVision Build Log</h1>
<h2>Tool Versions:</h2>
IDE-Version: ¦ÌVision V5.38.0.0
Copyright (C) 2022 ARM Ltd and ARM Germany GmbH. All rights reserved.
License Information: 1 Administrator, 1, LIC=BL28G-VE5KY-689FC-78089-RU7XJ-SN46Y
 
Tool Versions:
Toolchain:       MDK-ARM Professional  Version: 5.38.0.0
Toolchain Path:  d:\Keil_v5\ARM\ARMCLANG\Bin
C Compiler:      ArmClang.exe V6.19
Assembler:       Armasm.exe V6.19
Linker/Locator:  ArmLink.exe V6.19
Library Manager: ArmAr.exe V6.19
Hex Converter:   FromElf.exe V6.19
CPU DLL:         SARMCM3.DLL V5.38.0.0
Dialog DLL:      DCM.DLL V1.17.5.0
Target DLL:      DbgFM.DLL V1.16.29.0
Dialog DLL:      TCM.DLL V1.56.4.0
 
<h2>Project:</h2>
E:\temp\LingDongGUI_\examples\keil_fastModel\fastModel.uvprojx
Project File Date:  04/20/2023

<h2>Output:</h2>
*** Using Compiler 'V6.19', folder: 'd:\Keil_v5\ARM\ARMCLANG\Bin'
Rebuild target 'CM4'
compiling arm_2d_conversion.c...
compiling DigitsFont.c...
compiling Lighting.c...
compiling arm_2d_helper.c...
compiling GLCD_V2M-MPS2.c...
compiling arm_2d_helper_pfb.c...
compiling ListCover.c...
compiling main.c...
compiling arm_2d_async.c...
compiling GreenCircle.c...
compiling Pointer.c...
compiling arm_2d_helper_list.c...
compiling arm_2d_helper_scene.c...
compiling arm_2d_draw.c...
compiling arm_2d_transform.c...
compiling QuaterArc.c...
compiling battery_gasgauge_grade_boarder.c...
compiling gear_02.c...
compiling SinWave.c...
compiling battery_gasgauge_block.c...
compiling glass_reflection_narrow.c...
compiling SpinWheel.c...
compiling pointer_sec.c...
compiling circle_small.c...
compiling blue_slashes.c...
compiling glass_reflection_wide.c...
compiling small_icon_sun.c...
compiling gear_01.c...
compiling battery_boarder_1.c...
compiling cmsis_logo.c...
compiling circle_mask.c...
compiling software.c...
compiling star.c...
compiling controls.c...
compiling battery_gasgauge.c...
compiling busy_wheel.c...
compiling wave.c...
compiling white_dot.c...
compiling progress_bar_drill.c...
compiling number_list.c...
compiling list_view.c...
compiling GLCD_Fonts.c...
compiling lcd_printf.c...
compiling progress_bar_flowing.c...
compiling progress_bar_simple.c...
compiling progress_wheel.c...
compiling spinning_wheel.c...
compiling watch_panel.c...
compiling shape_round_corner_box.c...
compiling arm_2d_alpha_blending.c...
compiling BayesFunctionsF16.c...
compiling ComplexMathFunctions.c...
compiling BasicMathFunctionsF16.c...
compiling DistanceFunctions.c...
compiling BasicMathFunctions.c...
compiling DistanceFunctionsF16.c...
compiling ComplexMathFunctionsF16.c...
compiling BayesFunctions.c...
compiling ControllerFunctions.c...
compiling arm_2d_disp_adapter_0.c...
compiling FastMathFunctionsF16.c...
compiling CommonTablesF16.c...
compiling FastMathFunctions.c...
compiling arm_2d.c...
compiling FilteringFunctionsF16.c...
compiling InterpolationFunctions.c...
compiling InterpolationFunctionsF16.c...
compiling QuaternionMathFunctions.c...
compiling MatrixFunctions.c...
compiling SVMFunctionsF16.c...
compiling SVMFunctions.c...
compiling MatrixFunctionsF16.c...
compiling SupportFunctionsF16.c...
compiling StatisticsFunctionsF16.c...
compiling SupportFunctions.c...
compiling StatisticsFunctions.c...
compiling FilteringFunctions.c...
compiling system_CMSDK_CM4.c...
compiling retarget_io.c...
compiling EventRecorder.c...
compiling TransformFunctionsF16.c...
compiling perf_counter.c...
assembling systick_wrapper_ual.s...
assembling startup_CMSDK_CM4.S...
compiling TransformFunctions.c...
compiling CommonTables.c...
linking...
Program Size: Code=39496 RO-data=4780 RW-data=164 ZI-data=20352  
".\Objects\fastModel.axf" - 0 Error(s), 0 Warning(s).

<h2>Software Packages used:</h2>

Package Vendor: ARM
                https://www.keil.com/pack/ARM.Arm-2D.1.1.2.pack
                ARM.Arm-2D.1.1.2
                A 2D graphic library optimized for Cortex-M processors.
   * Component: Controls Version: 1.4.1
   * Component: LCD ASCII Printf Version: 1.3.1
   * Component: Display Adapter Version: 1.5.10
   * Component: PFB Version: 1.6.6
   * Component: Alpha-Blending Version: 1.1.2-dev
   * Component: Core Version: 1.1.2-dev
   * Component: Transform Version: 1.1.2-dev

Package Vendor: ARM
                http://www.keil.com/pack/ARM.CMSIS.5.9.0.pack
                ARM.CMSIS.5.9.0
                CMSIS (Common Microcontroller Software Interface Standard)
   * Component: CORE Version: 5.6.0

Package Vendor: ARM
                https://www.keil.com/pack/ARM.CMSIS-DSP.1.14.2.pack
                ARM.CMSIS-DSP.1.14.2
                CMSIS Embedded Compute Library
   * Component: DSP Variant: Source Version: 1.14.2

Package Vendor: GorgonMeducer
                https://raw.githubusercontent.com/GorgonMeducer/perf_counter/CMSIS-Pack/cmsis-pack/GorgonMeducer.perf_counter.2.1.0.pack
                GorgonMeducer.perf_counter.2.1.0
                A dedicated performance counter for the Cortex-M Systick. It shares the SysTick with users' original SysTick function without interfering with it. This library will bring new functionalities, such as performance counter, delay_us and clock() service defined in time.h
   * Component: Core Variant: Source Version: 2.1.0

Package Vendor: Keil
                https://www.keil.com/pack/Keil.ARM_Compiler.1.7.2.pack
                Keil.ARM_Compiler.1.7.2
                Keil ARM Compiler extensions for ARM Compiler 5 and ARM Compiler 6
   * Component: Event Recorder Variant: DAP Version: 1.5.1
   * Component: STDOUT Variant: EVR Version: 1.2.0

Package Vendor: Keil
                http://www.keil.com/pack/Keil.V2M-MPS2_CMx_BSP.1.8.0.pack
                Keil.V2M-MPS2_CMx_BSP.1.8.0
                ARM V2M-MPS2 Board Support PACK for Cortex-M System Design Kit Devices
   * Component: Startup Version: 1.1.0

<h2>Collection of Component include folders:</h2>
  ./RTE/Acceleration
  ./RTE/Compiler
  ./RTE/Device/CMSDK_CM4_FP
  ./RTE/_CM4
  D:/Keil_v5/Packs/ARM/Arm-2D/1.1.2/Helper/Include
  D:/Keil_v5/Packs/ARM/Arm-2D/1.1.2/Library/Include
  D:/Keil_v5/Packs/ARM/Arm-2D/1.1.2/examples/common/controls
  D:/Keil_v5/Packs/ARM/CMSIS-DSP/1.14.2/Include
  D:/Keil_v5/Packs/ARM/CMSIS-DSP/1.14.2/PrivateInclude
  D:/Keil_v5/Packs/ARM/CMSIS/5.9.0/CMSIS/Core/Include
  D:/Keil_v5/Packs/GorgonMeducer/perf_counter/2.1.0/lib
  D:/Keil_v5/Packs/Keil/ARM_Compiler/1.7.2/Include
  D:/Keil_v5/Packs/Keil/V2M-MPS2_CMx_BSP/1.8.0/Device/CMSDK_CM4/Include

<h2>Collection of Component Files used:</h2>

   * Component: ARM::Acceleration:Arm-2D Extras:Controls:1.4.1
      Source file:   examples/common/asset/DigitsFont.c
      Source file:   examples/common/asset/battery_boarder_1.c
      Source file:   examples/common/asset/battery_gasgauge_block.c
      Source file:   examples/common/controls/spinning_wheel.c
      Source file:   examples/common/controls/progress_bar_flowing.c
      Source file:   examples/common/asset/battery_gasgauge_grade_boarder.c
      Source file:   examples/common/asset/SinWave.c
      Source file:   examples/common/controls/controls.c
      Source file:   examples/common/controls/number_list.c
      Source file:   examples/common/controls/shape_round_corner_box.c
      Source file:   examples/common/controls/progress_bar_simple.c
      Source file:   examples/common/controls/battery_gasgauge.c
      Source file:   examples/common/controls/progress_wheel.c
      Source file:   examples/common/asset/white_dot.c
      Source file:   examples/common/asset/SpinWheel.c
      Source file:   examples/common/asset/blue_slashes.c
      Source file:   examples/common/controls/busy_wheel.c
      Source file:   examples/common/asset/wave.c
      Source file:   examples/common/controls/list_view.c
      Source file:   examples/common/controls/progress_bar_drill.c
      Source file:   examples/common/asset/QuaterArc.c
      Source file:   examples/common/asset/cmsis_logo.c
      Source file:   examples/common/asset/ListCover.c
      Source file:   examples/common/asset/GreenCircle.c
      Source file:   examples/common/asset/software.c
      Source file:   examples/common/asset/circle_small.c
      Source file:   examples/common/asset/glass_reflection_wide.c
      Source file:   examples/common/asset/Lighting.c
      Source file:   examples/common/asset/pointer_sec.c
      Source file:   examples/common/asset/gear_01.c
      Source file:   examples/common/asset/watch_panel.c
      Source file:   examples/common/asset/star.c
      Source file:   examples/common/asset/small_icon_sun.c
      Source file:   examples/common/asset/Pointer.c
      Source file:   examples/common/asset/glass_reflection_narrow.c
      Source file:   examples/common/asset/circle_mask.c
      Source file:   examples/common/asset/gear_02.c

   * Component: ARM::Acceleration:Arm-2D Extras:LCD ASCII Printf:1.3.1
      Source file:   examples/common/controls/GLCD_Fonts.c
      Source file:   examples/common/controls/lcd_printf.c

   * Component: ARM::Acceleration:Arm-2D Helper:Display Adapter:1.5.10
      Include file:  Helper/Include/template/arm_2d_disp_adapter.h
      Source file:   Helper/Source/template/arm_2d_disp_adapter.c

   * Component: ARM::Acceleration:Arm-2D Helper:PFB:1.6.6
      Source file:   Helper/Source/arm_2d_helper_scene.c
      Source file:   examples/common/scenes/meter/arm_2d_scene_meter.c
      Include file:  examples/common/scenes/watch/arm_2d_scene_watch.h
      Source file:   examples/common/asset/MeterPanel.c
      Source file:   examples/common/scenes/watch/arm_2d_scene_watch.c
      Source file:   Helper/Source/arm_2d_helper_pfb.c
      Include file:  examples/common/scenes/meter/arm_2d_scene_meter.h
      Source file:   Helper/Source/template/arm_2d_helper_rtos_user.c
      Source file:   Helper/Source/arm_2d_helper_list.c
      Source file:   Helper/Source/arm_2d_helper.c

   * Component: ARM::Acceleration:Arm-2D:Alpha-Blending:1.1.2-dev
      Source file:   Library/Source/arm_2d_alpha_blending.c

   * Component: ARM::Acceleration:Arm-2D:Core:1.1.2-dev
      Source file:   examples/common/controls/template/user_control_template.c
      Source file:   Helper/Source/template/arm_2d_scene_template.c
      Include file:  Helper/Include/template/arm_2d_scene_template.h
      Include file:  examples/common/controls/template/user_control_template.h
      Source file:   Library/Source/arm_2d_draw.c
      Source file:   Library/Source/arm_2d_conversion.c
      Source file:   Library/Source/arm_2d.c
      Source file:   Library/Source/arm_2d_async.c

   * Component: ARM::Acceleration:Arm-2D:Transform:1.1.2-dev
      Source file:   Library/Source/arm_2d_transform.c

   * Component: ARM::CMSIS:CORE:5.6.0

   * Component: ARM::CMSIS:DSP:Source:1.14.2
      Source file:   Source/SupportFunctions/SupportFunctions.c
      Source file:   Source/TransformFunctions/TransformFunctions.c
      Source file:   Source/InterpolationFunctions/InterpolationFunctions.c
      Include file:  Include/arm_math.h
      Include file:  Include/arm_const_structs_f16.h
      Source file:   Source/FilteringFunctions/FilteringFunctions.c
      Include file:  Include/arm_common_tables_f16.h
      Include file:  Include/arm_const_structs.h
      Source file:   Source/SVMFunctions/SVMFunctions.c
      Source file:   Source/DistanceFunctions/DistanceFunctions.c
      Source file:   Source/FastMathFunctions/FastMathFunctions.c
      Include file:  Include/arm_math_f16.h
      Include file:  Include/arm_common_tables.h
      Source file:   Source/CommonTables/CommonTables.c
      Source file:   Source/ComplexMathFunctions/ComplexMathFunctions.c
      Source file:   Source/ControllerFunctions/ControllerFunctions.c
      Source file:   Source/MatrixFunctions/MatrixFunctions.c
      Source file:   Source/BasicMathFunctions/BasicMathFunctions.c
      Source file:   Source/StatisticsFunctions/StatisticsFunctions.c
      Source file:   Source/QuaternionMathFunctions/QuaternionMathFunctions.c
      Source file:   Source/BayesFunctions/BayesFunctions.c
      Source file:   Source/SupportFunctions/SupportFunctionsF16.c
      Source file:   Source/FastMathFunctions/FastMathFunctionsF16.c
      Source file:   Source/BasicMathFunctions/BasicMathFunctionsF16.c
      Source file:   Source/SVMFunctions/SVMFunctionsF16.c
      Source file:   Source/StatisticsFunctions/StatisticsFunctionsF16.c
      Source file:   Source/ComplexMathFunctions/ComplexMathFunctionsF16.c
      Source file:   Source/DistanceFunctions/DistanceFunctionsF16.c
      Source file:   Source/InterpolationFunctions/InterpolationFunctionsF16.c
      Source file:   Source/TransformFunctions/TransformFunctionsF16.c
      Source file:   Source/FilteringFunctions/FilteringFunctionsF16.c
      Source file:   Source/MatrixFunctions/MatrixFunctionsF16.c
      Source file:   Source/BayesFunctions/BayesFunctionsF16.c
      Source file:   Source/CommonTables/CommonTablesF16.c

   * Component: GorgonMeducer::Utilities:perf_counter:Core:Source:2.1.0
      Source file:   systick_wrapper_ual.s
      Include file:  lib/perf_counter.h
      Source file:   perf_counter.c

   * Component: Keil.ARM Compiler::Compiler:Event Recorder:DAP:1.5.1
      Source file:   Source/EventRecorder.c
      Include file:  Config/EventRecorderConf.h
      Include file:  Include/EventRecorder.h

   * Component: Keil.ARM Compiler::Compiler:I/O:STDOUT:EVR:1.2.0
      Source file:   Source/retarget_io.c

   * Component: Keil::Device:Startup:1.1.0
      Source file:   Device/CMSDK_CM4/Source/system_CMSDK_CM4.c
      Include file:  CMSIS/Config/RTE_Device.h
      Source file:   Device/CMSDK_CM4/Source/ARM/startup_CMSDK_CM4.S
Build Time Elapsed:  00:00:04
</pre>
</body>
</html>
